[bootstrap] GPU/torch mismatch -> installing torch 2.5.1+cu121 ...
     ━━━━━━━━━━━━━━━━━━━━━━━━━━━━━━━━━━━━━━━ 780.4/780.4 MB 2.1 MB/s eta 0:00:00
     ━━━━━━━━━━━━━━━━━━━━━━━━━━━━━━━━━━━━━━━ 23.7/23.7 MB 131.2 MB/s eta 0:00:00
     ━━━━━━━━━━━━━━━━━━━━━━━━━━━━━━━━━━━━━ 823.6/823.6 kB 220.6 MB/s eta 0:00:00
     ━━━━━━━━━━━━━━━━━━━━━━━━━━━━━━━━━━━━━━━ 14.1/14.1 MB 175.6 MB/s eta 0:00:00
     ━━━━━━━━━━━━━━━━━━━━━━━━━━━━━━━━━━━━━━━ 664.8/664.8 MB 2.1 MB/s eta 0:00:00
     ━━━━━━━━━━━━━━━━━━━━━━━━━━━━━━━━━━━━━━ 410.6/410.6 MB 85.5 MB/s eta 0:00:00
     ━━━━━━━━━━━━━━━━━━━━━━━━━━━━━━━━━━━━━ 121.6/121.6 MB 149.6 MB/s eta 0:00:00
     ━━━━━━━━━━━━━━━━━━━━━━━━━━━━━━━━━━━━━━━ 56.5/56.5 MB 189.5 MB/s eta 0:00:00
     ━━━━━━━━━━━━━━━━━━━━━━━━━━━━━━━━━━━━━ 124.2/124.2 MB 156.2 MB/s eta 0:00:00
     ━━━━━━━━━━━━━━━━━━━━━━━━━━━━━━━━━━━━━ 196.0/196.0 MB 134.5 MB/s eta 0:00:00
     ━━━━━━━━━━━━━━━━━━━━━━━━━━━━━━━━━━━━━ 188.7/188.7 MB 128.7 MB/s eta 0:00:00
     ━━━━━━━━━━━━━━━━━━━━━━━━━━━━━━━━━━━━━━━ 99.1/99.1 kB 106.1 MB/s eta 0:00:00
     ━━━━━━━━━━━━━━━━━━━━━━━━━━━━━━━━━━━━━━━ 209.6/209.6 MB 8.9 MB/s eta 0:00:00
   ━━━━━━━━━━━━━━━━━━━━━━━━━━━━━━━━━━━━━━━━ 6.2/6.2 MB 28.8 MB/s eta 0:00:00
=== ENV ===
gpu Tesla P100-PCIE-16GB | torch 2.5.1+cu121 | cuda 12.1 | cc (6, 0)

##### SHAPE 1 : B=64 D=128 H=4 S=128 L=4 F=128 #####
PASS max_abs=1.19e-06 max_rel=0.339 | baseline=5.9061ms optimized=3.3653ms | speedup=1.755x

##### SHAPE 2 : B=1 D=128 H=4 S=128 L=4 F=128 #####
PASS max_abs=9.54e-07 max_rel=0.0333 | baseline=3.1647ms optimized=1.4777ms | speedup=2.142x

##### SHAPE 3 : B=4 D=128 H=4 S=128 L=4 F=128 #####
PASS max_abs=9.54e-07 max_rel=0.115 | baseline=3.1804ms optimized=1.4627ms | speedup=2.174x

##### SHAPE 4 : B=16 D=128 H=4 S=128 L=4 F=128 #####
PASS max_abs=1.07e-06 max_rel=0.0375 | baseline=3.1524ms optimized=1.3796ms | speedup=2.285x

##### SHAPE 5 : B=128 D=128 H=4 S=128 L=4 F=128 #####
PASS max_abs=1.43e-06 max_rel=1.12 | baseline=10.9979ms optimized=6.1929ms | speedup=1.776x

##### SHAPE 6 : B=10000 D=128 H=4 S=128 L=4 F=128 #####
PASS max_abs=1.91e-06 max_rel=8.33 | baseline=772.2922ms optimized=417.9698ms | speedup=1.848x

##### SHAPE 7 : B=64 D=32 H=4 S=128 L=4 F=32 #####
PASS max_abs=9.54e-07 max_rel=0.0187 | baseline=4.0454ms optimized=1.9587ms | speedup=2.065x

##### SHAPE 8 : B=64 D=1024 H=4 S=128 L=4 F=1024 #####
PASS max_abs=1.91e-06 max_rel=15.5 | baseline=70.9251ms optimized=64.5872ms | speedup=1.098x

##### SHAPE 9 : B=64 D=128 H=1 S=128 L=4 F=128 #####
PASS max_abs=1.19e-06 max_rel=0.0965 | baseline=3.8457ms optimized=3.1057ms | speedup=1.238x

##### SHAPE 10 : B=64 D=128 H=2 S=128 L=4 F=128 #####
PASS max_abs=1.19e-06 max_rel=0.165 | baseline=4.7737ms optimized=3.1320ms | speedup=1.524x

##### SHAPE 11 : B=64 D=128 H=16 S=128 L=4 F=128 #####
PASS max_abs=1.43e-06 max_rel=0.285 | baseline=12.5450ms optimized=4.9063ms | speedup=2.557x

##### SHAPE 12 : B=64 D=128 H=4 S=32 L=4 F=128 #####
PASS max_abs=1.19e-06 max_rel=0.112 | baseline=3.0614ms optimized=1.3163ms | speedup=2.326x

##### SHAPE 13 : B=64 D=128 H=4 S=1024 L=4 F=128 #####
PASS max_abs=1.43e-06 max_rel=1.21 | baseline=168.6030ms optimized=42.1453ms | speedup=4.001x

##### SHAPE 14 : optimized-only (baseline infeasible ~20.5 TB) #####
trunc S=2048 correctness: PASS max_abs=1.19e-06 max_rel=0.127
vram free=16.64/17.06 GB | baseline scores would be 20.5 TB -> infeasible
full S=100000: median=293376.9 ms | 10,907 tok/s | peak_vram=14.61 GB | chunk_bs=1

=================== SUMMARY (copy from here) ===================
shape,pass,max_abs,max_rel,baseline_ms,opt_ms,speedup,note
1,PASS,1.1920928955078125e-06,0.33928564190864563,5.9061,3.3653,1.755,
2,PASS,9.5367431640625e-07,0.03333332762122154,3.1647,1.4777,2.142,
3,PASS,9.5367431640625e-07,0.11475404351949692,3.1804,1.4627,2.174,
4,PASS,1.0728836059570312e-06,0.03749997913837433,3.1524,1.3796,2.285,
5,PASS,1.430511474609375e-06,1.125,10.9979,6.1929,1.776,
6,PASS,1.9073486328125e-06,8.333333969116211,772.2922,417.9698,1.848,
7,PASS,9.5367431640625e-07,0.01872657984495163,4.0454,1.9587,2.065,
8,PASS,1.9073486328125e-06,15.529411315917969,70.9251,64.5872,1.098,
9,PASS,1.1920928955078125e-06,0.09652505815029144,3.8457,3.1057,1.238,
10,PASS,1.1920928955078125e-06,0.16535444557666779,4.7737,3.1320,1.524,
11,PASS,1.430511474609375e-06,0.284768283367157,12.5450,4.9063,2.557,
12,PASS,1.1920928955078125e-06,0.11229951679706573,3.0614,1.3163,2.326,
13,PASS,1.430511474609375e-06,1.2105263471603394,168.6030,42.1453,4.001,
14,PASS(trunc),1.1920928955078125e-06,0.12727271020412445,,,,full S=1e5 OK 293377ms 10,907tok/s peak14.6GB chunk1
# median_speedup=2.065x min=1.098x max=4.001x over 13 PASS shapes
=================== END SUMMARY ===================
