=== ENV ===
gpu Tesla T4 | torch 2.10.0+cu128 | cuda 12.8 | cc (7, 5)

##### SHAPE 1 : B=64 D=128 H=4 S=128 L=4 F=128 #####
PASS max_abs=1.19e-06 max_rel=0.191 | baseline=9.5355ms optimized=4.1779ms | speedup=2.282x

##### SHAPE 2 : B=1 D=128 H=4 S=128 L=4 F=128 #####
PASS max_abs=9.54e-07 max_rel=0.0288 | baseline=3.0460ms optimized=0.9067ms | speedup=3.359x

##### SHAPE 3 : B=4 D=128 H=4 S=128 L=4 F=128 #####
PASS max_abs=9.54e-07 max_rel=0.0462 | baseline=3.1601ms optimized=1.0487ms | speedup=3.013x

##### SHAPE 4 : B=16 D=128 H=4 S=128 L=4 F=128 #####
PASS max_abs=1.43e-06 max_rel=0.421 | baseline=3.3034ms optimized=1.2324ms | speedup=2.681x

##### SHAPE 5 : B=128 D=128 H=4 S=128 L=4 F=128 #####
PASS max_abs=1.43e-06 max_rel=4.33 | baseline=18.4744ms optimized=9.4978ms | speedup=1.945x

##### SHAPE 6 : B=10000 D=128 H=4 S=128 L=4 F=128 #####
PASS max_abs=1.67e-06 max_rel=2.04e+05 | baseline=1431.8796ms optimized=761.3315ms | speedup=1.881x

##### SHAPE 7 : B=64 D=32 H=4 S=128 L=4 F=32 #####
PASS max_abs=9.54e-07 max_rel=2 | baseline=6.3324ms optimized=2.3332ms | speedup=2.714x

##### SHAPE 8 : B=64 D=1024 H=4 S=128 L=4 F=1024 #####
PASS max_abs=1.91e-06 max_rel=4.57 | baseline=128.5070ms optimized=118.3232ms | speedup=1.086x

##### SHAPE 9 : B=64 D=128 H=1 S=128 L=4 F=128 #####
PASS max_abs=1.43e-06 max_rel=0.233 | baseline=6.4312ms optimized=5.0984ms | speedup=1.261x

##### SHAPE 10 : B=64 D=128 H=2 S=128 L=4 F=128 #####
PASS max_abs=1.43e-06 max_rel=0.667 | baseline=8.0164ms optimized=5.1359ms | speedup=1.561x

##### SHAPE 11 : B=64 D=128 H=16 S=128 L=4 F=128 #####
PASS max_abs=1.43e-06 max_rel=0.387 | baseline=22.4072ms optimized=7.2704ms | speedup=3.082x

##### SHAPE 12 : B=64 D=128 H=4 S=32 L=4 F=128 #####
PASS max_abs=1.19e-06 max_rel=0.104 | baseline=3.0043ms optimized=1.5243ms | speedup=1.971x

##### SHAPE 13 : B=64 D=128 H=4 S=1024 L=4 F=128 #####
PASS max_abs=1.43e-06 max_rel=1.4 | baseline=318.7385ms optimized=71.8083ms | speedup=4.439x

##### SHAPE 14 : optimized-only (baseline infeasible ~20.5 TB) #####
skipped for this T3_ONLY selector

=================== SUMMARY (copy from here) ===================
shape,pass,max_abs,max_rel,baseline_ms,opt_ms,speedup,note
1,PASS,1.1920928955078125e-06,0.19148938357830048,9.5355,4.1779,2.282,
2,PASS,9.5367431640625e-07,0.028846215456724167,3.0460,0.9067,3.359,
3,PASS,9.5367431640625e-07,0.046153724193573,3.1601,1.0487,3.013,
4,PASS,1.430511474609375e-06,0.4210526645183563,3.3034,1.2324,2.681,
5,PASS,1.430511474609375e-06,4.333333969116211,18.4744,9.4978,1.945,
6,PASS,1.6689300537109375e-06,203605.03125,1431.8796,761.3315,1.881,
7,PASS,9.5367431640625e-07,2.0,6.3324,2.3332,2.714,
8,PASS,1.9073486328125e-06,4.568181991577148,128.5070,118.3232,1.086,
9,PASS,1.430511474609375e-06,0.23333340883255005,6.4312,5.0984,1.261,
10,PASS,1.430511474609375e-06,0.6666666269302368,8.0164,5.1359,1.561,
11,PASS,1.430511474609375e-06,0.38666680455207825,22.4072,7.2704,3.082,
12,PASS,1.1920928955078125e-06,0.10396042466163635,3.0043,1.5243,1.971,
13,PASS,1.430511474609375e-06,1.399999976158142,318.7385,71.8083,4.439,
# median_speedup=2.282x min=1.086x max=4.439x over 13 PASS shapes
=================== END SUMMARY ===================
